stm32f4xx_it.c:85:6:NMI_Handler	4	static
stm32f4xx_it.c:98:6:HardFault_Handler	4	static
stm32f4xx_it.c:113:6:MemManage_Handler	4	static
stm32f4xx_it.c:128:6:BusFault_Handler	4	static
stm32f4xx_it.c:143:6:UsageFault_Handler	4	static
stm32f4xx_it.c:158:6:DebugMon_Handler	4	static
stm32f4xx_it.c:178:6:DMA1_Stream1_IRQHandler	8	static
stm32f4xx_it.c:192:6:CAN1_RX0_IRQHandler	8	static
stm32f4xx_it.c:206:6:CAN1_RX1_IRQHandler	8	static
stm32f4xx_it.c:220:6:TIM1_UP_TIM10_IRQHandler	8	static
stm32f4xx_it.c:234:6:TIM3_IRQHandler	8	static
stm32f4xx_it.c:248:6:TIM4_IRQHandler	8	static
stm32f4xx_it.c:262:6:USART1_IRQHandler	8	static
stm32f4xx_it.c:276:6:USART3_IRQHandler	8	static
stm32f4xx_it.c:290:6:TIM8_TRG_COM_TIM14_IRQHandler	8	static
stm32f4xx_it.c:304:6:DMA2_Stream0_IRQHandler	8	static
stm32f4xx_it.c:318:6:DMA2_Stream1_IRQHandler	8	static
stm32f4xx_it.c:332:6:DMA2_Stream2_IRQHandler	8	static
